Command line invocation:
    /Applications/Xcode.app/Contents/Developer/usr/bin/xcodebuild test -scheme LockedIn -destination "platform=iOS Simulator,name=iPhone 17" "-only-testing:LockedInTests/RepositoryCommitmentServiceBehaviorLockTests"

2026-03-10 00:07:37.794 xcodebuild[32677:3971580] [MT] IDERunDestination: Supported platforms for the buildables in the current scheme is empty.
ComputePackagePrebuildTargetDependencyGraph

Prepare packages

CreateBuildRequest

SendProjectDescription

CreateBuildOperation

ComputeTargetDependencyGraph
note: Building targets in dependency order
note: Target dependency graph (2 targets)
    Target 'LockedInTests' in project 'LockedIn'
        ➜ Explicit dependency on target 'LockedIn' in project 'LockedIn'
    Target 'LockedIn' in project 'LockedIn' (no dependencies)

GatherProvisioningInputs

CreateBuildDescription

ExecuteExternalTool /Applications/Xcode.app/Contents/Developer/Toolchains/XcodeDefault.xctoolchain/usr/bin/clang -v -E -dM -isysroot /Applications/Xcode.app/Contents/Developer/Platforms/iPhoneSimulator.platform/Developer/SDKs/iPhoneSimulator26.2.sdk -x c -c /dev/null

ExecuteExternalTool /Applications/Xcode.app/Contents/Developer/Toolchains/XcodeDefault.xctoolchain/usr/bin/swiftc --version

ExecuteExternalTool /Applications/Xcode.app/Contents/Developer/usr/bin/actool --print-asset-tag-combinations --output-format xml1 /Users/zackalatrash/Desktop/Locked IN/LockedIn/Resources/Assets.xcassets

ExecuteExternalTool /Applications/Xcode.app/Contents/Developer/Toolchains/XcodeDefault.xctoolchain/usr/bin/ld -version_details

ExecuteExternalTool /Applications/Xcode.app/Contents/Developer/usr/bin/actool --version --output-format xml1

Build description signature: 72d46b83790666e10c6a463eaa098b3a
Build description path: /Users/zackalatrash/Library/Developer/Xcode/DerivedData/LockedIn-bdpzsjatoytiggcesqyjfjvdfkrh/Build/Intermediates.noindex/XCBuildData/72d46b83790666e10c6a463eaa098b3a.xcbuilddata
ProcessProductPackaging "" /Users/zackalatrash/Library/Developer/Xcode/DerivedData/LockedIn-bdpzsjatoytiggcesqyjfjvdfkrh/Build/Intermediates.noindex/LockedIn.build/Debug-iphonesimulator/LockedIn.build/LockedIn.app-Simulated.xcent (in target 'LockedIn' from project 'LockedIn')
    cd /Users/zackalatrash/Desktop/Locked\ IN
    
    Entitlements:
    
    {
    "application-identifier" = "2A6452539P.Epistles-of-Wisdom.LockedIn";
}
    
    builtin-productPackagingUtility -entitlements -format xml -o /Users/zackalatrash/Library/Developer/Xcode/DerivedData/LockedIn-bdpzsjatoytiggcesqyjfjvdfkrh/Build/Intermediates.noindex/LockedIn.build/Debug-iphonesimulator/LockedIn.build/LockedIn.app-Simulated.xcent

ProcessProductPackagingDER /Users/zackalatrash/Library/Developer/Xcode/DerivedData/LockedIn-bdpzsjatoytiggcesqyjfjvdfkrh/Build/Intermediates.noindex/LockedIn.build/Debug-iphonesimulator/LockedIn.build/LockedIn.app-Simulated.xcent /Users/zackalatrash/Library/Developer/Xcode/DerivedData/LockedIn-bdpzsjatoytiggcesqyjfjvdfkrh/Build/Intermediates.noindex/LockedIn.build/Debug-iphonesimulator/LockedIn.build/LockedIn.app-Simulated.xcent.der (in target 'LockedIn' from project 'LockedIn')
    cd /Users/zackalatrash/Desktop/Locked\ IN
    /usr/bin/derq query -f xml -i /Users/zackalatrash/Library/Developer/Xcode/DerivedData/LockedIn-bdpzsjatoytiggcesqyjfjvdfkrh/Build/Intermediates.noindex/LockedIn.build/Debug-iphonesimulator/LockedIn.build/LockedIn.app-Simulated.xcent -o /Users/zackalatrash/Library/Developer/Xcode/DerivedData/LockedIn-bdpzsjatoytiggcesqyjfjvdfkrh/Build/Intermediates.noindex/LockedIn.build/Debug-iphonesimulator/LockedIn.build/LockedIn.app-Simulated.xcent.der --raw

ClangStatCache /Applications/Xcode.app/Contents/Developer/Toolchains/XcodeDefault.xctoolchain/usr/bin/clang-stat-cache /Applications/Xcode.app/Contents/Developer/Platforms/iPhoneSimulator.platform/Developer/SDKs/iPhoneSimulator26.2.sdk /Users/zackalatrash/Library/Developer/Xcode/DerivedData/SDKStatCaches.noindex/iphonesimulator26.2-23C53-7d00a8b37fbd7999ea79df8ebc024bf0.sdkstatcache
    cd /Users/zackalatrash/Desktop/Locked\ IN/LockedIn.xcodeproj
    /Applications/Xcode.app/Contents/Developer/Toolchains/XcodeDefault.xctoolchain/usr/bin/clang-stat-cache /Applications/Xcode.app/Contents/Developer/Platforms/iPhoneSimulator.platform/Developer/SDKs/iPhoneSimulator26.2.sdk -o /Users/zackalatrash/Library/Developer/Xcode/DerivedData/SDKStatCaches.noindex/iphonesimulator26.2-23C53-7d00a8b37fbd7999ea79df8ebc024bf0.sdkstatcache

Ld /Users/zackalatrash/Library/Developer/Xcode/DerivedData/LockedIn-bdpzsjatoytiggcesqyjfjvdfkrh/Build/Products/Debug-iphonesimulator/LockedIn.app/LockedIn.debug.dylib normal (in target 'LockedIn' from project 'LockedIn')
    cd /Users/zackalatrash/Desktop/Locked\ IN
    /Applications/Xcode.app/Contents/Developer/Toolchains/XcodeDefault.xctoolchain/usr/bin/clang -Xlinker -reproducible -target arm64-apple-ios26.0-simulator -dynamiclib -isysroot /Applications/Xcode.app/Contents/Developer/Platforms/iPhoneSimulator.platform/Developer/SDKs/iPhoneSimulator26.2.sdk -O0 -L/Users/zackalatrash/Library/Developer/Xcode/DerivedData/LockedIn-bdpzsjatoytiggcesqyjfjvdfkrh/Build/Intermediates.noindex/EagerLinkingTBDs/Debug-iphonesimulator -L/Users/zackalatrash/Library/Developer/Xcode/DerivedData/LockedIn-bdpzsjatoytiggcesqyjfjvdfkrh/Build/Products/Debug-iphonesimulator -F/Users/zackalatrash/Library/Developer/Xcode/DerivedData/LockedIn-bdpzsjatoytiggcesqyjfjvdfkrh/Build/Intermediates.noindex/EagerLinkingTBDs/Debug-iphonesimulator -F/Users/zackalatrash/Library/Developer/Xcode/DerivedData/LockedIn-bdpzsjatoytiggcesqyjfjvdfkrh/Build/Products/Debug-iphonesimulator -filelist /Users/zackalatrash/Library/Developer/Xcode/DerivedData/LockedIn-bdpzsjatoytiggcesqyjfjvdfkrh/Build/Intermediates.noindex/LockedIn.build/Debug-iphonesimulator/LockedIn.build/Objects-normal/arm64/LockedIn.LinkFileList -install_name @rpath/LockedIn.debug.dylib -Xlinker -rpath -Xlinker @executable_path/Frameworks -dead_strip -Xlinker -object_path_lto -Xlinker /Users/zackalatrash/Library/Developer/Xcode/DerivedData/LockedIn-bdpzsjatoytiggcesqyjfjvdfkrh/Build/Intermediates.noindex/LockedIn.build/Debug-iphonesimulator/LockedIn.build/Objects-normal/arm64/LockedIn_lto.o -rdynamic -Xlinker -no_deduplicate -Xlinker -objc_abi_version -Xlinker 2 -Xlinker -debug_variant -Xlinker -dependency_info -Xlinker /Users/zackalatrash/Library/Developer/Xcode/DerivedData/LockedIn-bdpzsjatoytiggcesqyjfjvdfkrh/Build/Intermediates.noindex/LockedIn.build/Debug-iphonesimulator/LockedIn.build/Objects-normal/arm64/LockedIn_dependency_info.dat -fobjc-link-runtime -fprofile-instr-generate -L/Applications/Xcode.app/Contents/Developer/Toolchains/XcodeDefault.xctoolchain/usr/lib/swift/iphonesimulator -L/usr/lib/swift -Xlinker -add_ast_path -Xlinker /Users/zackalatrash/Library/Developer/Xcode/DerivedData/LockedIn-bdpzsjatoytiggcesqyjfjvdfkrh/Build/Intermediates.noindex/LockedIn.build/Debug-iphonesimulator/LockedIn.build/Objects-normal/arm64/LockedIn.swiftmodule @/Users/zackalatrash/Library/Developer/Xcode/DerivedData/LockedIn-bdpzsjatoytiggcesqyjfjvdfkrh/Build/Intermediates.noindex/LockedIn.build/Debug-iphonesimulator/LockedIn.build/Objects-normal/arm64/LockedIn-linker-args.resp -Xlinker -alias -Xlinker _main -Xlinker ___debug_main_executable_dylib_entry_point -Xlinker -no_adhoc_codesign -o /Users/zackalatrash/Library/Developer/Xcode/DerivedData/LockedIn-bdpzsjatoytiggcesqyjfjvdfkrh/Build/Products/Debug-iphonesimulator/LockedIn.app/LockedIn.debug.dylib

ProcessInfoPlistFile /Users/zackalatrash/Library/Developer/Xcode/DerivedData/LockedIn-bdpzsjatoytiggcesqyjfjvdfkrh/Build/Products/Debug-iphonesimulator/LockedIn.app/Info.plist /Users/zackalatrash/Desktop/Locked\ IN/LockedIn/Resources/Info.plist (in target 'LockedIn' from project 'LockedIn')
    cd /Users/zackalatrash/Desktop/Locked\ IN
    builtin-infoPlistUtility /Users/zackalatrash/Desktop/Locked\ IN/LockedIn/Resources/Info.plist -producttype com.apple.product-type.application -genpkginfo /Users/zackalatrash/Library/Developer/Xcode/DerivedData/LockedIn-bdpzsjatoytiggcesqyjfjvdfkrh/Build/Products/Debug-iphonesimulator/LockedIn.app/PkgInfo -expandbuildsettings -format binary -platform iphonesimulator -additionalcontentfile /Users/zackalatrash/Library/Developer/Xcode/DerivedData/LockedIn-bdpzsjatoytiggcesqyjfjvdfkrh/Build/Intermediates.noindex/LockedIn.build/Debug-iphonesimulator/LockedIn.build/assetcatalog_generated_info.plist -o /Users/zackalatrash/Library/Developer/Xcode/DerivedData/LockedIn-bdpzsjatoytiggcesqyjfjvdfkrh/Build/Products/Debug-iphonesimulator/LockedIn.app/Info.plist

ConstructStubExecutorLinkFileList /Users/zackalatrash/Library/Developer/Xcode/DerivedData/LockedIn-bdpzsjatoytiggcesqyjfjvdfkrh/Build/Intermediates.noindex/LockedIn.build/Debug-iphonesimulator/LockedIn.build/LockedIn-ExecutorLinkFileList-normal-arm64.txt (in target 'LockedIn' from project 'LockedIn')
    cd /Users/zackalatrash/Desktop/Locked\ IN
    construct-stub-executor-link-file-list /Users/zackalatrash/Library/Developer/Xcode/DerivedData/LockedIn-bdpzsjatoytiggcesqyjfjvdfkrh/Build/Products/Debug-iphonesimulator/LockedIn.app/LockedIn.debug.dylib /Applications/Xcode.app/Contents/Developer/Platforms/iPhoneSimulator.platform/Developer/usr/lib/libPreviewsJITStubExecutor_no_swift_entry_point.a /Applications/Xcode.app/Contents/Developer/Platforms/iPhoneSimulator.platform/Developer/usr/lib/libPreviewsJITStubExecutor.a --output /Users/zackalatrash/Library/Developer/Xcode/DerivedData/LockedIn-bdpzsjatoytiggcesqyjfjvdfkrh/Build/Intermediates.noindex/LockedIn.build/Debug-iphonesimulator/LockedIn.build/LockedIn-ExecutorLinkFileList-normal-arm64.txt
note: Using stub executor library with Swift entry point. (in target 'LockedIn' from project 'LockedIn')

Ld /Users/zackalatrash/Library/Developer/Xcode/DerivedData/LockedIn-bdpzsjatoytiggcesqyjfjvdfkrh/Build/Products/Debug-iphonesimulator/LockedIn.app/LockedIn normal (in target 'LockedIn' from project 'LockedIn')
    cd /Users/zackalatrash/Desktop/Locked\ IN
    /Applications/Xcode.app/Contents/Developer/Toolchains/XcodeDefault.xctoolchain/usr/bin/clang -Xlinker -reproducible -target arm64-apple-ios26.0-simulator -isysroot /Applications/Xcode.app/Contents/Developer/Platforms/iPhoneSimulator.platform/Developer/SDKs/iPhoneSimulator26.2.sdk -O0 -L/Users/zackalatrash/Library/Developer/Xcode/DerivedData/LockedIn-bdpzsjatoytiggcesqyjfjvdfkrh/Build/Products/Debug-iphonesimulator -F/Users/zackalatrash/Library/Developer/Xcode/DerivedData/LockedIn-bdpzsjatoytiggcesqyjfjvdfkrh/Build/Products/Debug-iphonesimulator -Xlinker -rpath -Xlinker @executable_path -Xlinker -rpath -Xlinker @executable_path/Frameworks -rdynamic -Xlinker -no_deduplicate -Xlinker -objc_abi_version -Xlinker 2 -Xlinker -debug_variant -e ___debug_blank_executor_main -Xlinker -sectcreate -Xlinker __TEXT -Xlinker __debug_dylib -Xlinker /Users/zackalatrash/Library/Developer/Xcode/DerivedData/LockedIn-bdpzsjatoytiggcesqyjfjvdfkrh/Build/Intermediates.noindex/LockedIn.build/Debug-iphonesimulator/LockedIn.build/LockedIn-DebugDylibPath-normal-arm64.txt -Xlinker -sectcreate -Xlinker __TEXT -Xlinker __debug_instlnm -Xlinker /Users/zackalatrash/Library/Developer/Xcode/DerivedData/LockedIn-bdpzsjatoytiggcesqyjfjvdfkrh/Build/Intermediates.noindex/LockedIn.build/Debug-iphonesimulator/LockedIn.build/LockedIn-DebugDylibInstallName-normal-arm64.txt -Xlinker -filelist -Xlinker /Users/zackalatrash/Library/Developer/Xcode/DerivedData/LockedIn-bdpzsjatoytiggcesqyjfjvdfkrh/Build/Intermediates.noindex/LockedIn.build/Debug-iphonesimulator/LockedIn.build/LockedIn-ExecutorLinkFileList-normal-arm64.txt -Xlinker -sectcreate -Xlinker __TEXT -Xlinker __entitlements -Xlinker /Users/zackalatrash/Library/Developer/Xcode/DerivedData/LockedIn-bdpzsjatoytiggcesqyjfjvdfkrh/Build/Intermediates.noindex/LockedIn.build/Debug-iphonesimulator/LockedIn.build/LockedIn.app-Simulated.xcent -Xlinker -sectcreate -Xlinker __TEXT -Xlinker __ents_der -Xlinker /Users/zackalatrash/Library/Developer/Xcode/DerivedData/LockedIn-bdpzsjatoytiggcesqyjfjvdfkrh/Build/Intermediates.noindex/LockedIn.build/Debug-iphonesimulator/LockedIn.build/LockedIn.app-Simulated.xcent.der /Users/zackalatrash/Library/Developer/Xcode/DerivedData/LockedIn-bdpzsjatoytiggcesqyjfjvdfkrh/Build/Products/Debug-iphonesimulator/LockedIn.app/LockedIn.debug.dylib -Xlinker -no_adhoc_codesign -o /Users/zackalatrash/Library/Developer/Xcode/DerivedData/LockedIn-bdpzsjatoytiggcesqyjfjvdfkrh/Build/Products/Debug-iphonesimulator/LockedIn.app/LockedIn

CopySwiftLibs /Users/zackalatrash/Library/Developer/Xcode/DerivedData/LockedIn-bdpzsjatoytiggcesqyjfjvdfkrh/Build/Products/Debug-iphonesimulator/LockedIn.app (in target 'LockedIn' from project 'LockedIn')
    cd /Users/zackalatrash/Desktop/Locked\ IN
    builtin-swiftStdLibTool --copy --verbose --sign - --scan-executable /Users/zackalatrash/Library/Developer/Xcode/DerivedData/LockedIn-bdpzsjatoytiggcesqyjfjvdfkrh/Build/Products/Debug-iphonesimulator/LockedIn.app/LockedIn.debug.dylib --scan-folder /Users/zackalatrash/Library/Developer/Xcode/DerivedData/LockedIn-bdpzsjatoytiggcesqyjfjvdfkrh/Build/Products/Debug-iphonesimulator/LockedIn.app/Frameworks --scan-folder /Users/zackalatrash/Library/Developer/Xcode/DerivedData/LockedIn-bdpzsjatoytiggcesqyjfjvdfkrh/Build/Products/Debug-iphonesimulator/LockedIn.app/PlugIns --scan-folder /Users/zackalatrash/Library/Developer/Xcode/DerivedData/LockedIn-bdpzsjatoytiggcesqyjfjvdfkrh/Build/Products/Debug-iphonesimulator/LockedIn.app/SystemExtensions --scan-folder /Users/zackalatrash/Library/Developer/Xcode/DerivedData/LockedIn-bdpzsjatoytiggcesqyjfjvdfkrh/Build/Products/Debug-iphonesimulator/LockedIn.app/Extensions --platform iphonesimulator --toolchain /Applications/Xcode.app/Contents/Developer/Toolchains/XcodeDefault.xctoolchain --destination /Users/zackalatrash/Library/Developer/Xcode/DerivedData/LockedIn-bdpzsjatoytiggcesqyjfjvdfkrh/Build/Products/Debug-iphonesimulator/LockedIn.app/Frameworks --strip-bitcode --strip-bitcode-tool /Applications/Xcode.app/Contents/Developer/Toolchains/XcodeDefault.xctoolchain/usr/bin/bitcode_strip --emit-dependency-info /Users/zackalatrash/Library/Developer/Xcode/DerivedData/LockedIn-bdpzsjatoytiggcesqyjfjvdfkrh/Build/Intermediates.noindex/LockedIn.build/Debug-iphonesimulator/LockedIn.build/SwiftStdLibToolInputDependencies.dep --filter-for-swift-os

ExtractAppIntentsMetadata (in target 'LockedIn' from project 'LockedIn')
    cd /Users/zackalatrash/Desktop/Locked\ IN
    /Applications/Xcode.app/Contents/Developer/Toolchains/XcodeDefault.xctoolchain/usr/bin/appintentsmetadataprocessor --toolchain-dir /Applications/Xcode.app/Contents/Developer/Toolchains/XcodeDefault.xctoolchain --module-name LockedIn --sdk-root /Applications/Xcode.app/Contents/Developer/Platforms/iPhoneSimulator.platform/Developer/SDKs/iPhoneSimulator26.2.sdk --xcode-version 17C52 --platform-family iOS --deployment-target 26.0 --bundle-identifier Epistles-of-Wisdom.LockedIn --output /Users/zackalatrash/Library/Developer/Xcode/DerivedData/LockedIn-bdpzsjatoytiggcesqyjfjvdfkrh/Build/Products/Debug-iphonesimulator/LockedIn.app --target-triple arm64-apple-ios26.0-simulator --binary-file /Users/zackalatrash/Library/Developer/Xcode/DerivedData/LockedIn-bdpzsjatoytiggcesqyjfjvdfkrh/Build/Products/Debug-iphonesimulator/LockedIn.app/LockedIn --dependency-file /Users/zackalatrash/Library/Developer/Xcode/DerivedData/LockedIn-bdpzsjatoytiggcesqyjfjvdfkrh/Build/Intermediates.noindex/LockedIn.build/Debug-iphonesimulator/LockedIn.build/Objects-normal/arm64/LockedIn_dependency_info.dat --stringsdata-file /Users/zackalatrash/Library/Developer/Xcode/DerivedData/LockedIn-bdpzsjatoytiggcesqyjfjvdfkrh/Build/Intermediates.noindex/LockedIn.build/Debug-iphonesimulator/LockedIn.build/Objects-normal/arm64/ExtractedAppShortcutsMetadata.stringsdata --source-file-list /Users/zackalatrash/Library/Developer/Xcode/DerivedData/LockedIn-bdpzsjatoytiggcesqyjfjvdfkrh/Build/Intermediates.noindex/LockedIn.build/Debug-iphonesimulator/LockedIn.build/Objects-normal/arm64/LockedIn.SwiftFileList --metadata-file-list /Users/zackalatrash/Library/Developer/Xcode/DerivedData/LockedIn-bdpzsjatoytiggcesqyjfjvdfkrh/Build/Intermediates.noindex/LockedIn.build/Debug-iphonesimulator/LockedIn.build/LockedIn.DependencyMetadataFileList --static-metadata-file-list /Users/zackalatrash/Library/Developer/Xcode/DerivedData/LockedIn-bdpzsjatoytiggcesqyjfjvdfkrh/Build/Intermediates.noindex/LockedIn.build/Debug-iphonesimulator/LockedIn.build/LockedIn.DependencyStaticMetadataFileList --swift-const-vals-list /Users/zackalatrash/Library/Developer/Xcode/DerivedData/LockedIn-bdpzsjatoytiggcesqyjfjvdfkrh/Build/Intermediates.noindex/LockedIn.build/Debug-iphonesimulator/LockedIn.build/Objects-normal/arm64/LockedIn.SwiftConstValuesFileList --compile-time-extraction --deployment-aware-processing --validate-assistant-intents --no-app-shortcuts-localization
2026-03-10 00:07:41.688 appintentsmetadataprocessor[32707:3971881] Starting appintentsmetadataprocessor export
2026-03-10 00:07:41.689 appintentsmetadataprocessor[32707:3971881] warning: Metadata extraction skipped. No AppIntents.framework dependency found.

ProcessInfoPlistFile /Users/zackalatrash/Library/Developer/Xcode/DerivedData/LockedIn-bdpzsjatoytiggcesqyjfjvdfkrh/Build/Products/Debug-iphonesimulator/LockedIn.app/PlugIns/LockedInTests.xctest/Info.plist /Users/zackalatrash/Library/Developer/Xcode/DerivedData/LockedIn-bdpzsjatoytiggcesqyjfjvdfkrh/Build/Intermediates.noindex/LockedIn.build/Debug-iphonesimulator/LockedInTests.build/empty-LockedInTests.plist (in target 'LockedInTests' from project 'LockedIn')
    cd /Users/zackalatrash/Desktop/Locked\ IN
    builtin-infoPlistUtility /Users/zackalatrash/Library/Developer/Xcode/DerivedData/LockedIn-bdpzsjatoytiggcesqyjfjvdfkrh/Build/Intermediates.noindex/LockedIn.build/Debug-iphonesimulator/LockedInTests.build/empty-LockedInTests.plist -producttype com.apple.product-type.bundle.unit-test -expandbuildsettings -format binary -platform iphonesimulator -o /Users/zackalatrash/Library/Developer/Xcode/DerivedData/LockedIn-bdpzsjatoytiggcesqyjfjvdfkrh/Build/Products/Debug-iphonesimulator/LockedIn.app/PlugIns/LockedInTests.xctest/Info.plist

Ld /Users/zackalatrash/Library/Developer/Xcode/DerivedData/LockedIn-bdpzsjatoytiggcesqyjfjvdfkrh/Build/Products/Debug-iphonesimulator/LockedIn.app/PlugIns/LockedInTests.xctest/LockedInTests normal (in target 'LockedInTests' from project 'LockedIn')
    cd /Users/zackalatrash/Desktop/Locked\ IN
    /Applications/Xcode.app/Contents/Developer/Toolchains/XcodeDefault.xctoolchain/usr/bin/clang -Xlinker -reproducible -target arm64-apple-ios26.0-simulator -bundle -isysroot /Applications/Xcode.app/Contents/Developer/Platforms/iPhoneSimulator.platform/Developer/SDKs/iPhoneSimulator26.2.sdk -O0 -L/Users/zackalatrash/Library/Developer/Xcode/DerivedData/LockedIn-bdpzsjatoytiggcesqyjfjvdfkrh/Build/Intermediates.noindex/EagerLinkingTBDs/Debug-iphonesimulator -L/Users/zackalatrash/Library/Developer/Xcode/DerivedData/LockedIn-bdpzsjatoytiggcesqyjfjvdfkrh/Build/Products/Debug-iphonesimulator -L/Applications/Xcode.app/Contents/Developer/Platforms/iPhoneSimulator.platform/Developer/usr/lib -F/Users/zackalatrash/Library/Developer/Xcode/DerivedData/LockedIn-bdpzsjatoytiggcesqyjfjvdfkrh/Build/Intermediates.noindex/EagerLinkingTBDs/Debug-iphonesimulator -F/Users/zackalatrash/Library/Developer/Xcode/DerivedData/LockedIn-bdpzsjatoytiggcesqyjfjvdfkrh/Build/Products/Debug-iphonesimulator -iframework /Applications/Xcode.app/Contents/Developer/Platforms/iPhoneSimulator.platform/Developer/Library/Frameworks -iframework /Applications/Xcode.app/Contents/Developer/Platforms/iPhoneSimulator.platform/Developer/SDKs/iPhoneSimulator26.2.sdk/Developer/Library/Frameworks -filelist /Users/zackalatrash/Library/Developer/Xcode/DerivedData/LockedIn-bdpzsjatoytiggcesqyjfjvdfkrh/Build/Intermediates.noindex/LockedIn.build/Debug-iphonesimulator/LockedInTests.build/Objects-normal/arm64/LockedInTests.LinkFileList -Xlinker -rpath -Xlinker @loader_path/Frameworks -Xlinker -rpath -Xlinker @executable_path/Frameworks -dead_strip -bundle_loader /Users/zackalatrash/Library/Developer/Xcode/DerivedData/LockedIn-bdpzsjatoytiggcesqyjfjvdfkrh/Build/Products/Debug-iphonesimulator/LockedIn.app/LockedIn -Xlinker -object_path_lto -Xlinker /Users/zackalatrash/Library/Developer/Xcode/DerivedData/LockedIn-bdpzsjatoytiggcesqyjfjvdfkrh/Build/Intermediates.noindex/LockedIn.build/Debug-iphonesimulator/LockedInTests.build/Objects-normal/arm64/LockedInTests_lto.o -rdynamic -Xlinker -no_deduplicate -Xlinker -objc_abi_version -Xlinker 2 -Xlinker -debug_variant -Xlinker -dependency_info -Xlinker /Users/zackalatrash/Library/Developer/Xcode/DerivedData/LockedIn-bdpzsjatoytiggcesqyjfjvdfkrh/Build/Intermediates.noindex/LockedIn.build/Debug-iphonesimulator/LockedInTests.build/Objects-normal/arm64/LockedInTests_dependency_info.dat -fobjc-link-runtime -fprofile-instr-generate -L/Applications/Xcode.app/Contents/Developer/Toolchains/XcodeDefault.xctoolchain/usr/lib/swift/iphonesimulator -L/usr/lib/swift -Xlinker -add_ast_path -Xlinker /Users/zackalatrash/Library/Developer/Xcode/DerivedData/LockedIn-bdpzsjatoytiggcesqyjfjvdfkrh/Build/Intermediates.noindex/LockedIn.build/Debug-iphonesimulator/LockedInTests.build/Objects-normal/arm64/LockedInTests.swiftmodule @/Users/zackalatrash/Library/Developer/Xcode/DerivedData/LockedIn-bdpzsjatoytiggcesqyjfjvdfkrh/Build/Intermediates.noindex/LockedIn.build/Debug-iphonesimulator/LockedInTests.build/Objects-normal/arm64/LockedInTests-linker-args.resp -Xlinker -needed_framework -Xlinker XCTest -framework XCTest -Xlinker -needed-lXCTestSwiftSupport -lXCTestSwiftSupport /Users/zackalatrash/Library/Developer/Xcode/DerivedData/LockedIn-bdpzsjatoytiggcesqyjfjvdfkrh/Build/Products/Debug-iphonesimulator/LockedIn.app/LockedIn.debug.dylib -Xlinker -no_adhoc_codesign -o /Users/zackalatrash/Library/Developer/Xcode/DerivedData/LockedIn-bdpzsjatoytiggcesqyjfjvdfkrh/Build/Products/Debug-iphonesimulator/LockedIn.app/PlugIns/LockedInTests.xctest/LockedInTests

CopySwiftLibs /Users/zackalatrash/Library/Developer/Xcode/DerivedData/LockedIn-bdpzsjatoytiggcesqyjfjvdfkrh/Build/Products/Debug-iphonesimulator/LockedIn.app/PlugIns/LockedInTests.xctest (in target 'LockedInTests' from project 'LockedIn')
    cd /Users/zackalatrash/Desktop/Locked\ IN
    builtin-swiftStdLibTool --copy --verbose --sign - --scan-executable /Users/zackalatrash/Library/Developer/Xcode/DerivedData/LockedIn-bdpzsjatoytiggcesqyjfjvdfkrh/Build/Products/Debug-iphonesimulator/LockedIn.app/PlugIns/LockedInTests.xctest/LockedInTests --scan-folder /Users/zackalatrash/Library/Developer/Xcode/DerivedData/LockedIn-bdpzsjatoytiggcesqyjfjvdfkrh/Build/Products/Debug-iphonesimulator/LockedIn.app/PlugIns/LockedInTests.xctest/Frameworks --scan-folder /Users/zackalatrash/Library/Developer/Xcode/DerivedData/LockedIn-bdpzsjatoytiggcesqyjfjvdfkrh/Build/Products/Debug-iphonesimulator/LockedIn.app/PlugIns/LockedInTests.xctest/PlugIns --scan-folder /Users/zackalatrash/Library/Developer/Xcode/DerivedData/LockedIn-bdpzsjatoytiggcesqyjfjvdfkrh/Build/Products/Debug-iphonesimulator/LockedIn.app/PlugIns/LockedInTests.xctest/SystemExtensions --scan-folder /Users/zackalatrash/Library/Developer/Xcode/DerivedData/LockedIn-bdpzsjatoytiggcesqyjfjvdfkrh/Build/Products/Debug-iphonesimulator/LockedIn.app/PlugIns/LockedInTests.xctest/Extensions --platform iphonesimulator --toolchain /Applications/Xcode.app/Contents/Developer/Toolchains/XcodeDefault.xctoolchain --destination /Users/zackalatrash/Library/Developer/Xcode/DerivedData/LockedIn-bdpzsjatoytiggcesqyjfjvdfkrh/Build/Products/Debug-iphonesimulator/LockedIn.app/PlugIns/LockedInTests.xctest/Frameworks --strip-bitcode --scan-executable /Applications/Xcode.app/Contents/Developer/Platforms/iPhoneSimulator.platform/Developer/usr/lib/libXCTestSwiftSupport.dylib --strip-bitcode-tool /Applications/Xcode.app/Contents/Developer/Toolchains/XcodeDefault.xctoolchain/usr/bin/bitcode_strip --emit-dependency-info /Users/zackalatrash/Library/Developer/Xcode/DerivedData/LockedIn-bdpzsjatoytiggcesqyjfjvdfkrh/Build/Intermediates.noindex/LockedIn.build/Debug-iphonesimulator/LockedInTests.build/SwiftStdLibToolInputDependencies.dep --filter-for-swift-os

ExtractAppIntentsMetadata (in target 'LockedInTests' from project 'LockedIn')
    cd /Users/zackalatrash/Desktop/Locked\ IN
    /Applications/Xcode.app/Contents/Developer/Toolchains/XcodeDefault.xctoolchain/usr/bin/appintentsmetadataprocessor --toolchain-dir /Applications/Xcode.app/Contents/Developer/Toolchains/XcodeDefault.xctoolchain --module-name LockedInTests --sdk-root /Applications/Xcode.app/Contents/Developer/Platforms/iPhoneSimulator.platform/Developer/SDKs/iPhoneSimulator26.2.sdk --xcode-version 17C52 --platform-family iOS --deployment-target 26.0 --bundle-identifier Epistles-of-Wisdom.LockedInTests --output /Users/zackalatrash/Library/Developer/Xcode/DerivedData/LockedIn-bdpzsjatoytiggcesqyjfjvdfkrh/Build/Products/Debug-iphonesimulator/LockedIn.app/PlugIns/LockedInTests.xctest --target-triple arm64-apple-ios26.0-simulator --binary-file /Users/zackalatrash/Library/Developer/Xcode/DerivedData/LockedIn-bdpzsjatoytiggcesqyjfjvdfkrh/Build/Products/Debug-iphonesimulator/LockedIn.app/PlugIns/LockedInTests.xctest/LockedInTests --dependency-file /Users/zackalatrash/Library/Developer/Xcode/DerivedData/LockedIn-bdpzsjatoytiggcesqyjfjvdfkrh/Build/Intermediates.noindex/LockedIn.build/Debug-iphonesimulator/LockedInTests.build/Objects-normal/arm64/LockedInTests_dependency_info.dat --stringsdata-file /Users/zackalatrash/Library/Developer/Xcode/DerivedData/LockedIn-bdpzsjatoytiggcesqyjfjvdfkrh/Build/Intermediates.noindex/LockedIn.build/Debug-iphonesimulator/LockedInTests.build/Objects-normal/arm64/ExtractedAppShortcutsMetadata.stringsdata --source-file-list /Users/zackalatrash/Library/Developer/Xcode/DerivedData/LockedIn-bdpzsjatoytiggcesqyjfjvdfkrh/Build/Intermediates.noindex/LockedIn.build/Debug-iphonesimulator/LockedInTests.build/Objects-normal/arm64/LockedInTests.SwiftFileList --metadata-file-list /Users/zackalatrash/Library/Developer/Xcode/DerivedData/LockedIn-bdpzsjatoytiggcesqyjfjvdfkrh/Build/Intermediates.noindex/LockedIn.build/Debug-iphonesimulator/LockedInTests.build/LockedInTests.DependencyMetadataFileList --static-metadata-file-list /Users/zackalatrash/Library/Developer/Xcode/DerivedData/LockedIn-bdpzsjatoytiggcesqyjfjvdfkrh/Build/Intermediates.noindex/LockedIn.build/Debug-iphonesimulator/LockedInTests.build/LockedInTests.DependencyStaticMetadataFileList --swift-const-vals-list /Users/zackalatrash/Library/Developer/Xcode/DerivedData/LockedIn-bdpzsjatoytiggcesqyjfjvdfkrh/Build/Intermediates.noindex/LockedIn.build/Debug-iphonesimulator/LockedInTests.build/Objects-normal/arm64/LockedInTests.SwiftConstValuesFileList --compile-time-extraction --deployment-aware-processing --validate-assistant-intents --no-app-shortcuts-localization
2026-03-10 00:07:41.892 appintentsmetadataprocessor[32710:3971895] Starting appintentsmetadataprocessor export
2026-03-10 00:07:41.893 appintentsmetadataprocessor[32710:3971895] warning: Metadata extraction skipped. No AppIntents.framework dependency found.

CodeSign /Users/zackalatrash/Library/Developer/Xcode/DerivedData/LockedIn-bdpzsjatoytiggcesqyjfjvdfkrh/Build/Products/Debug-iphonesimulator/LockedIn.app/PlugIns/LockedInTests.xctest (in target 'LockedInTests' from project 'LockedIn')
    cd /Users/zackalatrash/Desktop/Locked\ IN
    
    Signing Identity:     "Sign to Run Locally"
    
    /usr/bin/codesign --force --sign - --timestamp\=none --generate-entitlement-der /Users/zackalatrash/Library/Developer/Xcode/DerivedData/LockedIn-bdpzsjatoytiggcesqyjfjvdfkrh/Build/Products/Debug-iphonesimulator/LockedIn.app/PlugIns/LockedInTests.xctest

CodeSign /Users/zackalatrash/Library/Developer/Xcode/DerivedData/LockedIn-bdpzsjatoytiggcesqyjfjvdfkrh/Build/Products/Debug-iphonesimulator/LockedIn.app/LockedIn.debug.dylib (in target 'LockedIn' from project 'LockedIn')
    cd /Users/zackalatrash/Desktop/Locked\ IN
    
    Signing Identity:     "Sign to Run Locally"
    
    /usr/bin/codesign --force --sign - --timestamp\=none --generate-entitlement-der /Users/zackalatrash/Library/Developer/Xcode/DerivedData/LockedIn-bdpzsjatoytiggcesqyjfjvdfkrh/Build/Products/Debug-iphonesimulator/LockedIn.app/LockedIn.debug.dylib

CodeSign /Users/zackalatrash/Library/Developer/Xcode/DerivedData/LockedIn-bdpzsjatoytiggcesqyjfjvdfkrh/Build/Products/Debug-iphonesimulator/LockedIn.app/__preview.dylib (in target 'LockedIn' from project 'LockedIn')
    cd /Users/zackalatrash/Desktop/Locked\ IN
    
    Signing Identity:     "Sign to Run Locally"
    
    /usr/bin/codesign --force --sign - --timestamp\=none --generate-entitlement-der /Users/zackalatrash/Library/Developer/Xcode/DerivedData/LockedIn-bdpzsjatoytiggcesqyjfjvdfkrh/Build/Products/Debug-iphonesimulator/LockedIn.app/__preview.dylib
/Users/zackalatrash/Library/Developer/Xcode/DerivedData/LockedIn-bdpzsjatoytiggcesqyjfjvdfkrh/Build/Products/Debug-iphonesimulator/LockedIn.app/__preview.dylib: replacing existing signature

CodeSign /Users/zackalatrash/Library/Developer/Xcode/DerivedData/LockedIn-bdpzsjatoytiggcesqyjfjvdfkrh/Build/Products/Debug-iphonesimulator/LockedIn.app (in target 'LockedIn' from project 'LockedIn')
    cd /Users/zackalatrash/Desktop/Locked\ IN
    
    Signing Identity:     "Sign to Run Locally"
    
    /usr/bin/codesign --force --sign - --timestamp\=none --generate-entitlement-der /Users/zackalatrash/Library/Developer/Xcode/DerivedData/LockedIn-bdpzsjatoytiggcesqyjfjvdfkrh/Build/Products/Debug-iphonesimulator/LockedIn.app

Validate /Users/zackalatrash/Library/Developer/Xcode/DerivedData/LockedIn-bdpzsjatoytiggcesqyjfjvdfkrh/Build/Products/Debug-iphonesimulator/LockedIn.app (in target 'LockedIn' from project 'LockedIn')
    cd /Users/zackalatrash/Desktop/Locked\ IN
    builtin-validationUtility /Users/zackalatrash/Library/Developer/Xcode/DerivedData/LockedIn-bdpzsjatoytiggcesqyjfjvdfkrh/Build/Products/Debug-iphonesimulator/LockedIn.app -shallow-bundle -infoplist-subpath Info.plist

2026-03-10 00:09:11.724 xcodebuild[32677:3977927]  iOSSimulator: F0FAE75C-BD53-4ECA-BE4C-14FAA910AE26: Failed to launch app with identifier: Epistles-of-Wisdom.LockedIn and options: {
    "activate_suspended" = 0;
    arguments =     (
    );
    environment =     {
        "APP_DISTRIBUTOR_ID_OVERRIDE" = "com.apple.AppStore";
        "CA_ASSERT_MAIN_THREAD_TRANSACTIONS" = 0;
        "CA_DEBUG_TRANSACTIONS" = 0;
        "DYLD_FRAMEWORK_PATH" = "/Users/zackalatrash/Library/Developer/Xcode/DerivedData/LockedIn-bdpzsjatoytiggcesqyjfjvdfkrh/Build/Products/Debug-iphonesimulator:/Applications/Xcode.app/Contents/Developer/Platforms/iPhoneSimulator.platform/Developer/Library/Frameworks";
        "DYLD_INSERT_LIBRARIES" = "/usr/lib/libRPAC.dylib:/Users/zackalatrash/Library/Developer/Xcode/DerivedData/LockedIn-bdpzsjatoytiggcesqyjfjvdfkrh/Build/Products/Debug-iphonesimulator/LockedIn.app/Frameworks/libXCTestBundleInject.dylib:/Library/Developer/CoreSimulator/Volumes/iOS_23C54/Library/Developer/CoreSimulator/Profiles/Runtimes/iOS 26.2.simruntime/Contents/Resources/RuntimeRoot/usr/lib/libMainThreadChecker.dylib:/usr/lib/libRPAC.dylib";
        "DYLD_LIBRARY_PATH" = "/Users/zackalatrash/Library/Developer/Xcode/DerivedData/LockedIn-bdpzsjatoytiggcesqyjfjvdfkrh/Build/Products/Debug-iphonesimulator:/Applications/Xcode.app/Contents/Developer/Platforms/iPhoneSimulator.platform/Developer/usr/lib";
        "LLVM_PROFILE_FILE" = "/var/folders/fh/rb666dm17n5b7mfwvb2zmhf00000gn/T/Epistles-of-Wisdom.LockedIn/22D2FB9B-3CB2-4945-8B90-CD11B7134CFC-32677-000003EF13FF00AB/7AB9EF6F-6373-4FEE-A98D-3652E89AE516-%p%c.profraw";
        NSApplicationQuitWithoutSuddenTermination = YES;
        NSUnbufferedIO = YES;
        "OS_ACTIVITY_DT_MODE" = YES;
        "PERFC_ENABLE_EXTENDED_DIAGNOSTIC_FORMAT" = 1;
        "PERFC_ENABLE_PROFILE_MODE" = 1;
        "PERFC_RESET_INSERT_LIBRARIES" = 1;
        "PERFC_SUPPRESS_SYSTEM_REPORTS" = 1;
        "RUN_DESTINATION_DEVICE_NAME" = "Clone 2 of iPhone 17";
        "RUN_DESTINATION_DEVICE_PLATFORM_IDENTIFIER" = "com.apple.platform.iphonesimulator";
        "RUN_DESTINATION_DEVICE_UDID" = "F0FAE75C-BD53-4ECA-BE4C-14FAA910AE26";
        "SQLITE_ENABLE_THREAD_ASSERTIONS" = 1;
        TERM = dumb;
        XCInjectBundleInto = unused;
        "XCODE_SCHEME_NAME" = LockedIn;
        "XCODE_TEST_PLAN_NAME" = LockedIn;
        XCTestBundleInjectPath = "/usr/lib/libRPAC.dylib:/Users/zackalatrash/Library/Developer/Xcode/DerivedData/LockedIn-bdpzsjatoytiggcesqyjfjvdfkrh/Build/Products/Debug-iphonesimulator/LockedIn.app/Frameworks/libXCTestBundleInject.dylib:/Library/Developer/CoreSimulator/Volumes/iOS_23C54/Library/Developer/CoreSimulator/Profiles/Runtimes/iOS 26.2.simruntime/Contents/Resources/RuntimeRoot/usr/lib/libMainThreadChecker.dylib:/usr/lib/libRPAC.dylib";
        XCTestBundlePath = "PlugIns/LockedInTests.xctest";
        XCTestConfigurationFilePath = "";
        XCTestSessionIdentifier = "C54A8AEC-0048-4090-85D8-1180598221A5";
        "__XCODE_BUILT_PRODUCTS_DIR_PATHS" = "/Users/zackalatrash/Library/Developer/Xcode/DerivedData/LockedIn-bdpzsjatoytiggcesqyjfjvdfkrh/Build/Products/Debug-iphonesimulator";
        "__XPC_DYLD_FRAMEWORK_PATH" = "/Users/zackalatrash/Library/Developer/Xcode/DerivedData/LockedIn-bdpzsjatoytiggcesqyjfjvdfkrh/Build/Products/Debug-iphonesimulator";
        "__XPC_DYLD_LIBRARY_PATH" = "/Users/zackalatrash/Library/Developer/Xcode/DerivedData/LockedIn-bdpzsjatoytiggcesqyjfjvdfkrh/Build/Products/Debug-iphonesimulator";
        "__XPC_LLVM_PROFILE_FILE" = "/var/folders/fh/rb666dm17n5b7mfwvb2zmhf00000gn/T/Epistles-of-Wisdom.LockedIn/22D2FB9B-3CB2-4945-8B90-CD11B7134CFC-32677-000003EF13FF00AB/7AB9EF6F-6373-4FEE-A98D-3652E89AE516-%p%c.profraw";
    };
    stderr = "/dev/ttys025";
    stdout = "/dev/ttys025";
    "terminate_running_process" = 1;
    "wait_for_debugger" = 1;
} (error = Error Domain=FBSOpenApplicationServiceErrorDomain Code=1 "Simulator device failed to launch Epistles-of-Wisdom.LockedIn." UserInfo={NSLocalizedDescription=Simulator device failed to launch Epistles-of-Wisdom.LockedIn., NSUnderlyingError=0xae7ca57d0 {Error Domain=FBSOpenApplicationServiceErrorDomain Code=1 "The request to open "Epistles-of-Wisdom.LockedIn" failed." UserInfo={BSErrorCodeDescription=RequestDenied, NSLocalizedDescription=The request to open "Epistles-of-Wisdom.LockedIn" failed., NSUnderlyingError=0xae7ca4d20 {Error Domain=FBProcessExit Code=64 "The process failed to launch." UserInfo={NSUnderlyingError=0xae7ca4420 {Error Domain=RBSRequestErrorDomain Code=5 "Launch failed." UserInfo=0xaedf9da00 (not displayed)}, BSErrorCodeDescription=launch-failed, NSLocalizedFailureReason=The process failed to launch.}}, FBSOpenApplicationRequestID=0x7675, NSLocalizedFailureReason=The request was denied by service delegate (SBMainWorkspace).}}, NSLocalizedFailureReason=The request was denied by service delegate (SBMainWorkspace)., FBSOpenApplicationRequestID=0x7675, SimCallingSelector=launchApplicationWithID:options:pid:error:, BSErrorCodeDescription=RequestDenied})
2026-03-10 00:09:21.018 xcodebuild[32677:3971580] [MT] IDETestOperationsObserverDebug: 98.904 elapsed -- Testing started completed.
2026-03-10 00:09:21.018 xcodebuild[32677:3971580] [MT] IDETestOperationsObserverDebug: 0.000 sec, +0.000 sec -- start
2026-03-10 00:09:21.018 xcodebuild[32677:3971580] [MT] IDETestOperationsObserverDebug: 98.904 sec, +98.904 sec -- end

Test session results, code coverage, and logs:
	/Users/zackalatrash/Library/Developer/Xcode/DerivedData/LockedIn-bdpzsjatoytiggcesqyjfjvdfkrh/Logs/Test/Test-LockedIn-2026.03.10_12-07-37-+0100.xcresult

** TEST FAILED **

Testing started
Test suite 'RepositoryCommitmentServiceBehaviorLockTests' started on 'Clone 1 of iPhone 17 - LockedIn (33043)'
Test case 'RepositoryCommitmentServiceBehaviorLockTests.testCompleteRecoveryEntryResolution_clearsPendingFlagsAndTriggerOnly()' failed on 'Clone 1 of iPhone 17 - LockedIn (33043)' (0.000 seconds)
Test case 'RepositoryCommitmentServiceBehaviorLockTests.testPauseProtocolForRecovery_updatesProtocolStateAndRecoveryFlags()' failed on 'Clone 1 of iPhone 17 - LockedIn (33253)' (0.000 seconds)
Test case 'RepositoryCommitmentServiceBehaviorLockTests.testRecoveryEntryContext_returnsPendingRecoveryCandidatesAndFlags()' failed on 'Clone 1 of iPhone 17 - LockedIn (33288)' (0.000 seconds)
Test case 'RepositoryCommitmentServiceBehaviorLockTests.testRunDailyIntegrityTick_seventhCleanRecoveryDayPromotesRecoveryAndClearsEntryState()' failed on 'Clone 1 of iPhone 17 - LockedIn (33292)' (0.000 seconds)
